Cam@LAPTOP-FR6PVKDR MINGW64 ~/43_Ta_Phuong_Thao_bai_tap (main)
$ git add .

Cam@LAPTOP-FR6PVKDR MINGW64 ~/43_Ta_Phuong_Thao_bai_tap (main)
$ git commit -m "Cập nhật nội dung README.md"
On branch main
Your branch is up to date with 'origin/main'.

nothing to commit, working tree clean

Cam@LAPTOP-FR6PVKDR MINGW64 ~/43_Ta_Phuong_Thao_bai_tap (main)
$ git push origin main
info: please complete authentication in your browser...
Everything up-to-date

Cam@LAPTOP-FR6PVKDR MINGW64 ~/43_Ta_Phuong_Thao_bai_tap (main)
$ git status
On branch main
Your branch is up to date with 'origin/main'.

Changes not staged for commit:
  (use "git add <file>..." to update what will be committed)
  (use "git restore <file>..." to discard changes in working directory)
        modified:   README.md

no changes added to commit (use "git add" and/or "git commit -a")

Cam@LAPTOP-FR6PVKDR MINGW64 ~/43_Ta_Phuong_Thao_bai_tap (main)
$ git add .

Cam@LAPTOP-FR6PVKDR MINGW64 ~/43_Ta_Phuong_Thao_bai_tap (main)
$ git commit -m "cập nhật nội dung README .md"
[main 1bd4886] cập nhật nội dung README .md
 1 file changed, 6 insertions(+), 1 deletion(-)

Cam@LAPTOP-FR6PVKDR MINGW64 ~/43_Ta_Phuong_Thao_bai_tap (main)
$ git push origin main
Enumerating objects: 5, done.
Counting objects: 100% (5/5), done.
Delta compression using up to 16 threads
Compressing objects: 100% (2/2), done.
Writing objects: 100% (3/3), 657 bytes | 657.00 KiB/s, done.
Total 3 (delta 0), reused 0 (delta 0), pack-reused 0 (from 0)
To https://github.com/tpthao25174600129-commits/43_Ta_Phuong_Thao_bai_tap.git
   3961cdc..1bd4886  main -> main
Cam@LAPTOP-FR6PVKDR MINGW64 ~
$ cd 43_Ta_Phuong_Thao_bai_tap

Cam@LAPTOP-FR6PVKDR MINGW64 ~/43_Ta_Phuong_Thao_bai_tap (branch_1)
$ git checkout main
Switched to branch 'main'
Your branch is up to date with 'origin/main'.

Cam@LAPTOP-FR6PVKDR MINGW64 ~/43_Ta_Phuong_Thao_bai_tap (main)
$ git checkout -b branch_1
fatal: a branch named 'branch_1' already exists

Cam@LAPTOP-FR6PVKDR MINGW64 ~/43_Ta_Phuong_Thao_bai_tap (main)
$ echo "Lorem ipsum dolor sit amet, consectetur adipiscing elit." >> text_branch_1.txt

Cam@LAPTOP-FR6PVKDR MINGW64 ~/43_Ta_Phuong_Thao_bai_tap (main)
$ cat > text_branch_1.txt
Lorem ipsum dolor sit amet, consectetur adipiscing elit.

[1]+  Stopped                 cat > text_branch_1.txt

Cam@LAPTOP-FR6PVKDR MINGW64 ~/43_Ta_Phuong_Thao_bai_tap (main)
$ cat text_branch_1.txt
Lorem ipsum dolor sit amet, consectetur adipiscing elit.

Cam@LAPTOP-FR6PVKDR MINGW64 ~/43_Ta_Phuong_Thao_bai_tap (main)
$ git add text_branch_1.txt
warning: in the working copy of 'text_branch_1.txt', LF will be replaced by CRLF the next time Git touches it

Cam@LAPTOP-FR6PVKDR MINGW64 ~/43_Ta_Phuong_Thao_bai_tap (main)
$ git commit -m "thêm file text_branch_1.txt vào branch_1"
[main 9a18334] thêm file text_branch_1.txt vào branch_1
 1 file changed, 1 insertion(+)
 create mode 100644 text_branch_1.txt

Cam@LAPTOP-FR6PVKDR MINGW64 ~/43_Ta_Phuong_Thao_bai_tap (main)
$ git push origin branch_1
Total 0 (delta 0), reused 0 (delta 0), pack-reused 0 (from 0)
remote:
remote: Create a pull request for 'branch_1' on GitHub by visiting:
remote:      https://github.com/tpthao25174600129-commits/43_Ta_Phuong_Thao_bai_tap/pull/new/branch_1
remote:
To https://github.com/tpthao25174600129-commits/43_Ta_Phuong_Thao_bai_tap.git
 * [new branch]      branch_1 -> branch_1

Cam@LAPTOP-FR6PVKDR MINGW64 ~/43_Ta_Phuong_Thao_bai_tap (main)
$ git checkout -b branch_2
Switched to a new branch 'branch_2'

Cam@LAPTOP-FR6PVKDR MINGW64 ~/43_Ta_Phuong_Thao_bai_tap (branch_2)
$ echo "Praesent ullamcorper orci eu erat placerat sodales." > text_branch_2.txt

Cam@LAPTOP-FR6PVKDR MINGW64 ~/43_Ta_Phuong_Thao_bai_tap (branch_2)
$ cat text_branch_2.txt
Praesent ullamcorper orci eu erat placerat sodales.

Cam@LAPTOP-FR6PVKDR MINGW64 ~/43_Ta_Phuong_Thao_bai_tap (branch_2)
$ git add text_branch_2.txt
warning: in the working copy of 'text_branch_2.txt', LF will be replaced by CRLF the next time Git touches it

Cam@LAPTOP-FR6PVKDR MINGW64 ~/43_Ta_Phuong_Thao_bai_tap (branch_2)
$ git commit -m "them file text_branch_2.txt vao branch_2"
[branch_2 8389236] them file text_branch_2.txt vao branch_2
 1 file changed, 1 insertion(+)
 create mode 100644 text_branch_2.txt

Cam@LAPTOP-FR6PVKDR MINGW64 ~/43_Ta_Phuong_Thao_bai_tap (branch_2)
$ git push origin branch_2
Enumerating objects: 7, done.
Counting objects: 100% (7/7), done.
Delta compression using up to 16 threads
Compressing objects: 100% (6/6), done.
Writing objects: 100% (6/6), 655 bytes | 655.00 KiB/s, done.
Total 6 (delta 1), reused 0 (delta 0), pack-reused 0 (from 0)
remote: Resolving deltas: 100% (1/1), done.
remote:
remote: Create a pull request for 'branch_2' on GitHub by visiting:
remote:      https://github.com/tpthao25174600129-commits/43_Ta_Phuong_Thao_bai_tap/pull/new/branch_2
remote:
To https://github.com/tpthao25174600129-commits/43_Ta_Phuong_Thao_bai_tap.git
 * [new branch]      branch_2 -> branch_2

Cam@LAPTOP-FR6PVKDR MINGW64 ~/43_Ta_Phuong_Thao_bai_tap (branch_2)
$ git checkout main
Switched to branch 'main'
Your branch is ahead of 'origin/main' by 1 commit.
  (use "git push" to publish your local commits)

Cam@LAPTOP-FR6PVKDR MINGW64 ~/43_Ta_Phuong_Thao_bai_tap (main)
$ git checkout -b branch_3
Switched to a new branch 'branch_3'

Cam@LAPTOP-FR6PVKDR MINGW64 ~/43_Ta_Phuong_Thao_bai_tap (branch_3)
$ echo "Integer sit amet nisi aliquam, tempor libero quis, cursus erat." > text_branch_3.txt

Cam@LAPTOP-FR6PVKDR MINGW64 ~/43_Ta_Phuong_Thao_bai_tap (branch_3)
$ git add text_branch_3.txt
warning: in the working copy of 'text_branch_3.txt', LF will be replaced by CRLF the next time Git touches it

Cam@LAPTOP-FR6PVKDR MINGW64 ~/43_Ta_Phuong_Thao_bai_tap (branch_3)
$ git commit -m "them file text_branch_3.txt vao branch_3"
[branch_3 c298294] them file text_branch_3.txt vao branch_3
 1 file changed, 1 insertion(+)
 create mode 100644 text_branch_3.txt

Cam@LAPTOP-FR6PVKDR MINGW64 ~/43_Ta_Phuong_Thao_bai_tap (branch_3)
$ git push origin branch_3
Enumerating objects: 4, done.
Counting objects: 100% (4/4), done.
Delta compression using up to 16 threads
Compressing objects: 100% (3/3), done.
Writing objects: 100% (3/3), 398 bytes | 398.00 KiB/s, done.
Total 3 (delta 0), reused 0 (delta 0), pack-reused 0 (from 0)
remote:
remote: Create a pull request for 'branch_3' on GitHub by visiting:
remote:      https://github.com/tpthao25174600129-commits/43_Ta_Phuong_Thao_bai_tap/pull/new/branch_3
remote:
To https://github.com/tpthao25174600129-commits/43_Ta_Phuong_Thao_bai_tap.git
 * [new branch]      branch_3 -> branch_3

Cam@LAPTOP-FR6PVKDR MINGW64 ~/43_Ta_Phuong_Thao_bai_tap (branch_3)
$ git checkout main
Switched to branch 'main'
Your branch is ahead of 'origin/main' by 1 commit.
  (use "git push" to publish your local commits)

Cam@LAPTOP-FR6PVKDR MINGW64 ~/43_Ta_Phuong_Thao_bai_tap (main)
$ git checkout -b branch_4
Switched to a new branch 'branch_4'

Cam@LAPTOP-FR6PVKDR MINGW64 ~/43_Ta_Phuong_Thao_bai_tap (branch_4)
$ echo "Cras ac mi nec nisi porta ultrices sed non ante." > text_branch_4.txt

Cam@LAPTOP-FR6PVKDR MINGW64 ~/43_Ta_Phuong_Thao_bai_tap (branch_4)
$ cat text_branch_4.txt
Cras ac mi nec nisi porta ultrices sed non ante.

Cam@LAPTOP-FR6PVKDR MINGW64 ~/43_Ta_Phuong_Thao_bai_tap (branch_4)
$ git add text_branch_4.txt
warning: in the working copy of 'text_branch_4.txt', LF will be replaced by CRLF the next time Git touches it

Cam@LAPTOP-FR6PVKDR MINGW64 ~/43_Ta_Phuong_Thao_bai_tap (branch_4)
$ git commit -m "them file text_branch_txt vao branch_4"
[branch_4 e230544] them file text_branch_txt vao branch_4
 1 file changed, 1 insertion(+)
 create mode 100644 text_branch_4.txt

Cam@LAPTOP-FR6PVKDR MINGW64 ~/43_Ta_Phuong_Thao_bai_tap (branch_4)
$ git push origin branch_4
Enumerating objects: 4, done.
Counting objects: 100% (4/4), done.
Delta compression using up to 16 threads
Compressing objects: 100% (2/2), done.
Writing objects: 100% (3/3), 386 bytes | 386.00 KiB/s, done.
Total 3 (delta 0), reused 0 (delta 0), pack-reused 0 (from 0)
remote:
remote: Create a pull request for 'branch_4' on GitHub by visiting:
remote:      https://github.com/tpthao25174600129-commits/43_Ta_Phuong_Thao_bai_tap/pull/new/branch_4
remote:
To https://github.com/tpthao25174600129-commits/43_Ta_Phuong_Thao_bai_tap.git
 * [new branch]      branch_4 -> branch_4

Cam@LAPTOP-FR6PVKDR MINGW64 ~/43_Ta_Phuong_Thao_bai_tap (branch_4)
$ git checkout main
Switched to branch 'main'
Your branch is ahead of 'origin/main' by 1 commit.
  (use "git push" to publish your local commits)

Cam@LAPTOP-FR6PVKDR MINGW64 ~/43_Ta_Phuong_Thao_bai_tap (main)
$ git branch -d branch_4
error: the branch 'branch_4' is not fully merged
hint: If you are sure you want to delete it, run 'git branch -D branch_4'
hint: Disable this message with "git config set advice.forceDeleteBranch false"

Cam@LAPTOP-FR6PVKDR MINGW64 ~/43_Ta_Phuong_Thao_bai_tap (main)
$ git branch -D branch_4
Deleted branch branch_4 (was e230544).

Cam@LAPTOP-FR6PVKDR MINGW64 ~/43_Ta_Phuong_Thao_bai_tap (main)
$ git branch -r
  origin/HEAD -> origin/main
  origin/branch_1
  origin/branch_2
  origin/branch_3
  origin/branch_4
  origin/main

Cam@LAPTOP-FR6PVKDR MINGW64 ~/43_Ta_Phuong_Thao_bai_tap (main)
$ git branch
  branch_1
  branch_2
  branch_3
* main

Cam@LAPTOP-FR6PVKDR MINGW64 ~/43_Ta_Phuong_Thao_bai_tap (main)
$ git pull origin main
From https://github.com/tpthao25174600129-commits/43_Ta_Phuong_Thao_bai_tap
 * branch            main       -> FETCH_HEAD
Already up to date.

Cam@LAPTOP-FR6PVKDR MINGW64 ~/43_Ta_Phuong_Thao_bai_tap (main)
$ mkdir main_folder

Cam@LAPTOP-FR6PVKDR MINGW64 ~/43_Ta_Phuong_Thao_bai_tap (main)
$ cd main_folder

Cam@LAPTOP-FR6PVKDR MINGW64 ~/43_Ta_Phuong_Thao_bai_tap/main_folder (main)
$ touch main_txt_1.txt

Cam@LAPTOP-FR6PVKDR MINGW64 ~/43_Ta_Phuong_Thao_bai_tap/main_folder (main)
$ touch main_txt_2.txt main_txt_3.txt

Cam@LAPTOP-FR6PVKDR MINGW64 ~/43_Ta_Phuong_Thao_bai_tap/main_folder (main)
$ dir
main_txt_1.txt  main_txt_2.txt  main_txt_3.txt

Cam@LAPTOP-FR6PVKDR MINGW64 ~/43_Ta_Phuong_Thao_bai_tap/main_folder (main)
$ cd ..

Cam@LAPTOP-FR6PVKDR MINGW64 ~/43_Ta_Phuong_Thao_bai_tap (main)
$ git add main_folder

Cam@LAPTOP-FR6PVKDR MINGW64 ~/43_Ta_Phuong_Thao_bai_tap (main)
$ git commit -m "them thu muc main_folder chua 3 file txt"
[main 745f3e2] them thu muc main_folder chua 3 file txt
 3 files changed, 0 insertions(+), 0 deletions(-)
 create mode 100644 main_folder/main_txt_1.txt
 create mode 100644 main_folder/main_txt_2.txt
 create mode 100644 main_folder/main_txt_3.txt

Cam@LAPTOP-FR6PVKDR MINGW64 ~/43_Ta_Phuong_Thao_bai_tap (main)
$ git push origin main
Enumerating objects: 5, done.
Counting objects: 100% (5/5), done.
Delta compression using up to 16 threads
Compressing objects: 100% (3/3), done.
Writing objects: 100% (4/4), 413 bytes | 413.00 KiB/s, done.
Total 4 (delta 0), reused 0 (delta 0), pack-reused 0 (from 0)
To https://github.com/tpthao25174600129-commits/43_Ta_Phuong_Thao_bai_tap.git
   1bd4886..745f3e2  main -> main

Cam@LAPTOP-FR6PVKDR MINGW64 ~/43_Ta_Phuong_Thao_bai_tap (main)
$ git pull origin main
From https://github.com/tpthao25174600129-commits/43_Ta_Phuong_Thao_bai_tap
 * branch            main       -> FETCH_HEAD
Already up to date.

Cam@LAPTOP-FR6PVKDR MINGW64 ~/43_Ta_Phuong_Thao_bai_tap (main)
$ git checkout branch_1
Switched to branch 'branch_1'

Cam@LAPTOP-FR6PVKDR MINGW64 ~/43_Ta_Phuong_Thao_bai_tap (branch_1)
$ git checkout -b branch_5
Switched to a new branch 'branch_5'

Cam@LAPTOP-FR6PVKDR MINGW64 ~/43_Ta_Phuong_Thao_bai_tap (branch_5)
$ code text_branch_1.txt
bash: code: command not found

Cam@LAPTOP-FR6PVKDR MINGW64 ~/43_Ta_Phuong_Thao_bai_tap (branch_5)
$ git push origin branch_5
Total 0 (delta 0), reused 0 (delta 0), pack-reused 0 (from 0)
remote:
remote: Create a pull request for 'branch_5' on GitHub by visiting:
remote:      https://github.com/tpthao25174600129-commits/43_Ta_Phuong_Thao_bai_tap/pull/new/branch_5
remote:
To https://github.com/tpthao25174600129-commits/43_Ta_Phuong_Thao_bai_tap.git
 * [new branch]      branch_5 -> branch_5

Cam@LAPTOP-FR6PVKDR MINGW64 ~/43_Ta_Phuong_Thao_bai_tap (branch_5)
$ git checkout branch_1
Switched to branch 'branch_1'

Cam@LAPTOP-FR6PVKDR MINGW64 ~/43_Ta_Phuong_Thao_bai_tap (branch_1)
$ git merge main
Updating 1bd4886..745f3e2
Fast-forward
 main_folder/main_txt_1.txt | 0
 main_folder/main_txt_2.txt | 0
 main_folder/main_txt_3.txt | 0
 text_branch_1.txt          | 1 +
 4 files changed, 1 insertion(+)
 create mode 100644 main_folder/main_txt_1.txt
 create mode 100644 main_folder/main_txt_2.txt
 create mode 100644 main_folder/main_txt_3.txt
 create mode 100644 text_branch_1.txt

Cam@LAPTOP-FR6PVKDR MINGW64 ~/43_Ta_Phuong_Thao_bai_tap (branch_1)
$ git push origin --delete branch_5
To https://github.com/tpthao25174600129-commits/43_Ta_Phuong_Thao_bai_tap.git
 - [deleted]         branch_5

Cam@LAPTOP-FR6PVKDR MINGW64 ~/43_Ta_Phuong_Thao_bai_tap (branch_1)
$ git checkout -b branch_5
fatal: a branch named 'branch_5' already exists

Cam@LAPTOP-FR6PVKDR MINGW64 ~/43_Ta_Phuong_Thao_bai_tap (branch_1)
$ git branch -D branch_5
Deleted branch branch_5 (was 1bd4886).

Cam@LAPTOP-FR6PVKDR MINGW64 ~/43_Ta_Phuong_Thao_bai_tap (branch_1)
$ dir
README.md  main_folder  text_branch_1.txt

Cam@LAPTOP-FR6PVKDR MINGW64 ~/43_Ta_Phuong_Thao_bai_tap (branch_1)
$ git checkout -b branch_5
Switched to a new branch 'branch_5'

Cam@LAPTOP-FR6PVKDR MINGW64 ~/43_Ta_Phuong_Thao_bai_tap (branch_5)
$ code text_branch_1.txt
bash: code: command not found

Cam@LAPTOP-FR6PVKDR MINGW64 ~/43_Ta_Phuong_Thao_bai_tap (branch_5)
$ code text_branch_1.txt
bash: code: command not found

Cam@LAPTOP-FR6PVKDR MINGW64 ~/43_Ta_Phuong_Thao_bai_tap (branch_5)
$ git add text_branch_1.txt

Cam@LAPTOP-FR6PVKDR MINGW64 ~/43_Ta_Phuong_Thao_bai_tap (branch_5)
$ git commit -m "them text_branch_1.txt vao branch_5"
[branch_5 3de1337] them text_branch_1.txt vao branch_5
 1 file changed, 2 insertions(+), 1 deletion(-)

Cam@LAPTOP-FR6PVKDR MINGW64 ~/43_Ta_Phuong_Thao_bai_tap (branch_5)
$ git push -u origin branch_5
Enumerating objects: 5, done.
Counting objects: 100% (5/5), done.
Delta compression using up to 16 threads
Compressing objects: 100% (3/3), done.
Writing objects: 100% (3/3), 657 bytes | 657.00 KiB/s, done.
Total 3 (delta 1), reused 0 (delta 0), pack-reused 0 (from 0)
remote: Resolving deltas: 100% (1/1), completed with 1 local object.
remote:
remote: Create a pull request for 'branch_5' on GitHub by visiting:
remote:      https://github.com/tpthao25174600129-commits/43_Ta_Phuong_Thao_bai_tap/pull/new/branch_5
remote:
To https://github.com/tpthao25174600129-commits/43_Ta_Phuong_Thao_bai_tap.git
 * [new branch]      branch_5 -> branch_5
branch 'branch_5' set up to track 'origin/branch_5'.

Cam@LAPTOP-FR6PVKDR MINGW64 ~/43_Ta_Phuong_Thao_bai_tap (branch_5)
$ git checkout branch_1
Switched to branch 'branch_1'

Cam@LAPTOP-FR6PVKDR MINGW64 ~/43_Ta_Phuong_Thao_bai_tap (branch_1)
$ git pull origin branch_1
remote: Enumerating objects: 1, done.
remote: Counting objects: 100% (1/1), done.
remote: Total 1 (delta 0), reused 0 (delta 0), pack-reused 0 (from 0)
Unpacking objects: 100% (1/1), 918 bytes | 306.00 KiB/s, done.
From https://github.com/tpthao25174600129-commits/43_Ta_Phuong_Thao_bai_tap
 * branch            branch_1   -> FETCH_HEAD
   1bd4886..e705504  branch_1   -> origin/branch_1
Updating 745f3e2..e705504
Fast-forward
 text_branch_1.txt | 3 ++-
 1 file changed, 2 insertions(+), 1 deletion(-)

Cam@LAPTOP-FR6PVKDR MINGW64 ~/43_Ta_Phuong_Thao_bai_tap (branch_1)
$ git push origin --delete branch_5
To https://github.com/tpthao25174600129-commits/43_Ta_Phuong_Thao_bai_tap.git
 - [deleted]         branch_5

Cam@LAPTOP-FR6PVKDR MINGW64 ~/43_Ta_Phuong_Thao_bai_tap (branch_1)
$ git branch -d branch_5
Deleted branch branch_5 (was 3de1337).

Cam@LAPTOP-FR6PVKDR MINGW64 ~/43_Ta_Phuong_Thao_bai_tap (branch_1)
$ git checkout main
Switched to branch 'main'
Your branch is up to date with 'origin/main'.

Cam@LAPTOP-FR6PVKDR MINGW64 ~/43_Ta_Phuong_Thao_bai_tap (main)
$ git merge text_branch_1 --no-ff -m"Merge text_branch_1 into main"
merge: text_branch_1 - not something we can merge

Cam@LAPTOP-FR6PVKDR MINGW64 ~/43_Ta_Phuong_Thao_bai_tap (main)
$ git merge text_branch_2 --no-ff -m"Merge text_branch_2 into main"
merge: text_branch_2 - not something we can merge

Cam@LAPTOP-FR6PVKDR MINGW64 ~/43_Ta_Phuong_Thao_bai_tap (main)
$ git merge text_branch_3 --no-ff -m"Merge text_branch_3 into main"
merge: text_branch_3 - not something we can merge

Cam@LAPTOP-FR6PVKDR MINGW64 ~/43_Ta_Phuong_Thao_bai_tap (main)
$ git merge text_branch_4 --no-ff -m"Merge text_branch_4 into main"
merge: text_branch_4 - not something we can merge

Cam@LAPTOP-FR6PVKDR MINGW64 ~/43_Ta_Phuong_Thao_bai_tap (main)
$ dir
README.md  main_folder  text_branch_1.txt

Cam@LAPTOP-FR6PVKDR MINGW64 ~/43_Ta_Phuong_Thao_bai_tap (main)
$ git merge text_branch_2 --no-ff -m"Merge text_branch_2 into main"
merge: text_branch_2 - not something we can merge

Cam@LAPTOP-FR6PVKDR MINGW64 ~/43_Ta_Phuong_Thao_bai_tap (main)
$ dir
README.md  main_folder  text_branch_1.txt

Cam@LAPTOP-FR6PVKDR MINGW64 ~/43_Ta_Phuong_Thao_bai_tap (main)
$ git merge branch_2 --no-ff-m"Merge branch_2 into main"
error: unknown option `no-ff-mMerge branch_2 into main'
usage: git merge [<options>] [<commit>...]
   or: git merge --abort
   or: git merge --continue

    -n                    do not show a diffstat at the end of the merge
    --[no-]stat           show a diffstat at the end of the merge
    --[no-]summary        (synonym to --stat)
    --[no-]compact-summary
                          show a compact-summary at the end of the merge
    --[no-]log[=<n>]      add (at most <n>) entries from shortlog to merge commit message
    --[no-]squash         create a single commit instead of doing a merge
    --[no-]commit         perform a commit if the merge succeeds (default)
    -e, --[no-]edit       edit message before committing
    --[no-]cleanup <mode> how to strip spaces and #comments from message
    --[no-]ff             allow fast-forward (default)
    --ff-only             abort if fast-forward is not possible
    --[no-]rerere-autoupdate
                          update the index with reused conflict resolution if possible
    --[no-]verify-signatures
                          verify that the named commit has a valid GPG signature
    -s, --[no-]strategy <strategy>
                          merge strategy to use
    -X, --[no-]strategy-option <option=value>
                          option for selected merge strategy
    -m, --[no-]message <message>
                          merge commit message (for a non-fast-forward merge)
    -F, --file <path>     read message from file
    --[no-]into-name <name>
                          use <name> instead of the real target
    -v, --[no-]verbose    be more verbose
    -q, --[no-]quiet      be more quiet
    --[no-]abort          abort the current in-progress merge
    --[no-]quit           --abort but leave index and working tree alone
    --[no-]continue       continue the current in-progress merge
    --[no-]allow-unrelated-histories
                          allow merging unrelated histories
    --[no-]progress       force progress reporting
    -S, --[no-]gpg-sign[=<key-id>]
                          GPG sign commit
    --[no-]autostash      automatically stash/stash pop before and after
    --[no-]overwrite-ignore
                          update ignored files (default)
    --[no-]signoff        add a Signed-off-by trailer
    --no-verify           bypass pre-merge-commit and commit-msg hooks
    --verify              opposite of --no-verify


Cam@LAPTOP-FR6PVKDR MINGW64 ~/43_Ta_Phuong_Thao_bai_tap (main)
$ dir
README.md  main_folder  text_branch_1.txt

Cam@LAPTOP-FR6PVKDR MINGW64 ~/43_Ta_Phuong_Thao_bai_tap (main)
$ git checkout main
Already on 'main'
Your branch is up to date with 'origin/main'.

Cam@LAPTOP-FR6PVKDR MINGW64 ~/43_Ta_Phuong_Thao_bai_tap (main)
$ git pull origin main
remote: Enumerating objects: 10, done.
remote: Counting objects: 100% (10/10), done.
remote: Compressing objects: 100% (6/6), done.
remote: Total 6 (delta 2), reused 0 (delta 0), pack-reused 0 (from 0)
Unpacking objects: 100% (6/6), 2.90 KiB | 165.00 KiB/s, done.
From https://github.com/tpthao25174600129-commits/43_Ta_Phuong_Thao_bai_tap
 * branch            main       -> FETCH_HEAD
   745f3e2..7294dad  main       -> origin/main
Updating 745f3e2..7294dad
Fast-forward
 text_branch_2.txt | 1 +
 text_branch_3.txt | 1 +
 text_branch_4.txt | 1 +
 3 files changed, 3 insertions(+)
 create mode 100644 text_branch_2.txt
 create mode 100644 text_branch_3.txt
 create mode 100644 text_branch_4.txt

Cam@LAPTOP-FR6PVKDR MINGW64 ~/43_Ta_Phuong_Thao_bai_tap (main)
$ dir
README.md    text_branch_1.txt  text_branch_3.txt
main_folder  text_branch_2.txt  text_branch_4.txt

Cam@LAPTOP-FR6PVKDR MINGW64 ~/43_Ta_Phuong_Thao_bai_tap (main)
$ git checkout main
Already on 'main'
Your branch is up to date with 'origin/main'.

Cam@LAPTOP-FR6PVKDR MINGW64 ~/43_Ta_Phuong_Thao_bai_tap (main)
$ git branch -d branch_2
Deleted branch branch_2 (was 8389236).

Cam@LAPTOP-FR6PVKDR MINGW64 ~/43_Ta_Phuong_Thao_bai_tap (main)
$ git branch -d branch_3
Deleted branch branch_3 (was c298294).

Cam@LAPTOP-FR6PVKDR MINGW64 ~/43_Ta_Phuong_Thao_bai_tap (main)
$ git branch -d branch_4
error: branch 'branch_4' not found

Cam@LAPTOP-FR6PVKDR MINGW64 ~/43_Ta_Phuong_Thao_bai_tap (main)
$ dir
README.md    text_branch_1.txt  text_branch_3.txt
main_folder  text_branch_2.txt  text_branch_4.txt

Cam@LAPTOP-FR6PVKDR MINGW64 ~/43_Ta_Phuong_Thao_bai_tap (main)
$ cd branch_4
bash: cd: branch_4: No such file or directory

Cam@LAPTOP-FR6PVKDR MINGW64 ~/43_Ta_Phuong_Thao_bai_tap (main)
$ git branch
  branch_1
Merge branch 'main' into branch_1
Merge made by the 'ort' strategy.
 text_branch_2.txt | 1 +
 text_branch_3.txt | 1 +
 text_branch_4.txt | 1 +
 3 files changed, 3 insertions(+)
 create mode 100644 text_branch_2.txt
 create mode 100644 text_branch_3.txt
 create mode 100644 text_branch_4.txt

Cam@LAPTOP-FR6PVKDR MINGW64 ~/43_Ta_Phuong_Thao_bai_tap (branch_1)
$ git push
fatal: The current branch branch_1 has no upstream branch.
To push the current branch and set the remote as upstream, use

    git push --set-upstream origin branch_1

To have this happen automatically for branches without a tracking
upstream, see 'push.autoSetupRemote' in 'git help config'.


Cam@LAPTOP-FR6PVKDR MINGW64 ~/43_Ta_Phuong_Thao_bai_tap (branch_1)
$ git push -u origin branch_1
Enumerating objects: 4, done.
Counting objects: 100% (4/4), done.
Delta compression using up to 16 threads
Compressing objects: 100% (2/2), done.
Writing objects: 100% (2/2), 300 bytes | 300.00 KiB/s, done.
Total 2 (delta 1), reused 0 (delta 0), pack-reused 0 (from 0)
remote: Resolving deltas: 100% (1/1), completed with 1 local object.
To https://github.com/tpthao25174600129-commits/43_Ta_Phuong_Thao_bai_tap.git
   e705504..85317b3  branch_1 -> branch_1
branch 'branch_1' set up to track 'origin/branch_1'.

Cam@LAPTOP-FR6PVKDR MINGW64 ~/43_Ta_Phuong_Thao_bai_tap (branch_1)
$
